
> web-dingzhi@0.1.0 build
> next build

鈻?Next.js 16.1.6 (Turbopack)
- Environments: .env.local, .env

node.exe : 鈿?The "middleware" file conve
ntion is deprecated. Please use "proxy" 
instead. Learn more: https://nextjs.org/
docs/messages/middleware-to-proxy
所在位置 行:1 字符: 1
+ & "C:\Program Files\nodejs/node.exe" "
C:\Program Files\nodejs/node_mo ...
+ ~~~~~~~~~~~~~~~~~~~~~~~~~~~~~~~~~~~~~~
~~~~~~~~~~~~~~~~~~~~~~~~~~~~~~~
    + CategoryInfo          : NotSpecif 
   ied: (鈿?The "middlewa...leware-to-p  
  roxy:String) [], RemoteException
    + FullyQualifiedErrorId : NativeCom 
   mandError
 
  Creating an optimized production build ...
鉁?Compiled successfully in 2.7s
  Running TypeScript ...
Failed to compile.

./src/app/actions/ai-subject.ts:3:29
Type error: Cannot find module '@google/
genai' or its corresponding type declara
tions.

[0m [90m 1 |[39m [32m'use server'[3
9m[33m;[39m
 [90m 2 |[39m
[31m[1m>[22m[39m[90m 3 |[39m [36m
import[39m { [33mGoogleGenAI[39m } [
36mfrom[39m [32m"@google/genai"[39m[
33m;[39m
 [90m   |[39m                         
    [31m[1m^[22m[39m
 [90m 4 |[39m [36mimport[39m { z } 
[36mfrom[39m [32m"zod"[39m[33m;[39m
 [90m 5 |[39m
 [90m 6 |[39m [90m// Initialize Gemin
i Client[39m[0m
Next.js build worker exited with code: 1
 and signal: null
